// Jest Snapshot v1, https://goo.gl/fbAQLP

exports[`Main image for the game Clicking on close button on target will close it 1`] = `
<img
  alt="main"
  id="main-image"
  src="comicon.jpg"
/>
`;

exports[`Main image for the game Only a single target after multiple clicks 1`] = `
<img
  alt="main"
  id="main-image"
  src="comicon.jpg"
/>
`;
